// Jest Snapshot v1, https://goo.gl/fbAQLP

exports[`should render ExpenseList with expenses 1`] = `
<div>
  <ExpenseListItem
    amount={2000}
    createdAt={0}
    description="Milk"
    id="1"
    key="1"
    note=""
  />
  <ExpenseListItem
    amount={790000}
    createdAt={-345600000}
    description="Rent"
    id="2"
    key="2"
    note="Last months rent"
  />
  <ExpenseListItem
    amount={5500}
    createdAt={345600000}
    description="New Keys for apartment"
    id="3"
    key="3"
    note=""
  />
</div>
`;

exports[`should render ExpenseList with no expenses 1`] = `
<div>
  <p>
    No expenses
  </p>
</div>
`;
