// Jest Snapshot v1, https://goo.gl/fbAQLP

exports[`should render ExpenseListItem correctly with expense 1`] = `
<div>
  <Link
    to="/edit/1"
  >
    <h3>
      Milk
    </h3>
  </Link>
  <p>
    $20.00
     - 
    January 1, 1970
  </p>
</div>
`;
